I'm sorry, but errors were detected in your script. Please correct the
errors listed below, and try again.


File "game/script.rpy", line 60: is not terminated with a newline. (Check strings and parenthesis.)
(Perhaps you left out a " at the end of the first line.)
              "

Ren'Py Version: Ren'Py 8.1.3.23091805
Tue Nov 14 16:28:12 2023
